这是我的第一个git管理的文件.
oreki 1994-04-04
haha
master
